../Core/Src/main.c:87:5:_write	24	static
../Core/Src/main.c:92:6:HAL_ADC_ConvCpltCallback	16	static
../Core/Src/main.c:107:6:HAL_TIM_PeriodElapsedCallback	16	static
../Core/Src/main.c:118:5:main	8	static
../Core/Src/main.c:197:6:SystemClock_Config	88	static
../Core/Src/main.c:242:6:execute_immediate_tasks	4	static
../Core/Src/main.c:245:6:execute_10ms_tasks	8	static
../Core/Src/main.c:256:6:execute_50ms_tasks	8	static
../Core/Src/main.c:291:6:execute_100ms_tasks	8	static
../Core/Src/main.c:307:7:MeasureSuspensionPosition	48	static
../Core/Src/main.c:326:7:MeasureSteeringAngle	64	static
../Core/Src/main.c:351:10:moving_average	24	static
../Core/Src/main.c:373:6:Error_Handler	4	static,ignoring_inline_asm
